2025-09-07T15:41:09+02:00
Java(TM) SE Runtime Environment Oracle GraalVM 24.0.2+11.1 (build 24.0.2+11-jvmci-b01)
ColorFill 1.4.5 (2025-07-10)
milliSeconds_min/median/average/max=1/3/4/31  total=4251

2025-09-07T15:45:47+02:00
OpenJDK Runtime Environment (build 1.8.0_462-8u462-ga~us1-0ubuntu2~24.04.2-b08)
ColorFill 1.4.5 (2025-07-10)
milliSeconds_min/median/average/max=2/3/5/41  total=4583

2025-09-07T15:48:50+02:00
OpenJDK Runtime Environment (build 21.0.8+9-Ubuntu-0ubuntu124.04.1)
ColorFill 1.4.5 (2025-07-10)
milliSeconds_min/median/average/max=1/3/4/34  total=4387

2025-09-07T15:56:52+02:00
Java(TM) SE Runtime Environment Oracle GraalVM 24.0.2+11.1 (build 24.0.2+11-jvmci-b01)
ColorFill 1.4.5 (2025-07-10)
milliSeconds_min/median/average/max=2/3/4/30  total=4194

2025-09-07T17:17:59+02:00
Java(TM) SE Runtime Environment Oracle GraalVM 24.0.2+11.1 (build 24.0.2+11-jvmci-b01)
ColorFill 1.4.6__DEV__ (2025-09-07)
milliSeconds_min/median/average/max=2/3/4/31  total=4222

2025-10-26T11:08:07+01:00
Java(TM) SE Runtime Environment Oracle GraalVM 24.0.2+11.1 (build 24.0.2+11-jvmci-b01)
ColorFill 1.4.6__DEV__AStarFlolleStrategy=0.0 (2025-10-26)
milliSeconds_min/median/average/max=1/6/9/93  total=8828
AStarFlolleStrategy  1000 solutions with  26717 steps

2025-10-26T11:21:17+01:00
Java(TM) SE Runtime Environment Oracle GraalVM 24.0.2+11.1 (build 24.0.2+11-jvmci-b01)
ColorFill 1.4.6__DEV__AStarFlolleStrategy=0.1 (2025-10-26)
milliSeconds_min/median/average/max=1/4/6/72  total=6378
AStarFlolleStrategy  1000 solutions with  26788 steps

2025-10-26T11:30:48+01:00
Java(TM) SE Runtime Environment Oracle GraalVM 24.0.2+11.1 (build 24.0.2+11-jvmci-b01)
ColorFill 1.4.6__DEV__AStarFlolleStrategy=0.2 (2025-10-26)
milliSeconds_min/median/average/max=1/3/4/47  total=4049
AStarFlolleStrategy  1000 solutions with  26884 steps

2025-10-26T11:35:42+01:00
Java(TM) SE Runtime Environment Oracle GraalVM 24.0.2+11.1 (build 24.0.2+11-jvmci-b01)
ColorFill 1.4.6__DEV__AStarFlolleStrategy=0.3 (2025-10-26)
milliSeconds_min/median/average/max=1/3/4/31  total=4116
AStarFlolleStrategy  1000 solutions with  26935 steps

2025-10-26T11:38:28+01:00
Java(TM) SE Runtime Environment Oracle GraalVM 24.0.2+11.1 (build 24.0.2+11-jvmci-b01)
ColorFill 1.4.6__DEV__AStarFlolleStrategy=0.4 (2025-10-26)
milliSeconds_min/median/average/max=2/3/4/32  total=4279
AStarFlolleStrategy  1000 solutions with  26942 steps

2025-10-26T11:40:49+01:00
Java(TM) SE Runtime Environment Oracle GraalVM 24.0.2+11.1 (build 24.0.2+11-jvmci-b01)
ColorFill 1.4.6__DEV__AStarFlolleStrategy=0.5 (2025-10-26)
milliSeconds_min/median/average/max=2/3/4/31  total=4309
AStarFlolleStrategy  1000 solutions with  26942 steps

2025-10-26T11:43:59+01:00
Java(TM) SE Runtime Environment Oracle GraalVM 24.0.2+11.1 (build 24.0.2+11-jvmci-b01)
ColorFill 1.4.6__DEV__AStarFlolleStrategy=0.6 (2025-10-26)
milliSeconds_min/median/average/max=1/3/4/32  total=4244
AStarFlolleStrategy  1000 solutions with  26942 steps

2025-10-26T11:46:32+01:00
Java(TM) SE Runtime Environment Oracle GraalVM 24.0.2+11.1 (build 24.0.2+11-jvmci-b01)
ColorFill 1.4.6__DEV__AStarFlolleStrategy=0.7 (2025-10-26)
milliSeconds_min/median/average/max=1/3/4/31  total=4276
AStarFlolleStrategy  1000 solutions with  26942 steps

2025-10-26T11:49:15+01:00
Java(TM) SE Runtime Environment Oracle GraalVM 24.0.2+11.1 (build 24.0.2+11-jvmci-b01)
ColorFill 1.4.6__DEV__AStarFlolleStrategy=0.8 (2025-10-26)
milliSeconds_min/median/average/max=1/3/4/31  total=4284
AStarFlolleStrategy  1000 solutions with  26942 steps

2025-10-26T11:52:00+01:00
Java(TM) SE Runtime Environment Oracle GraalVM 24.0.2+11.1 (build 24.0.2+11-jvmci-b01)
ColorFill 1.4.6__DEV__AStarFlolleStrategy=0.9 (2025-10-26)
milliSeconds_min/median/average/max=1/3/4/32  total=4447
AStarFlolleStrategy  1000 solutions with  26942 steps

2025-10-26T11:55:32+01:00
Java(TM) SE Runtime Environment Oracle GraalVM 24.0.2+11.1 (build 24.0.2+11-jvmci-b01)
ColorFill 1.4.6__DEV__AStarFlolleStrategy=1.0 (2025-10-26)
milliSeconds_min/median/average/max=1/3/4/31  total=4282
AStarFlolleStrategy  1000 solutions with  26942 steps

2025-10-26T15:16:25+01:00
Java(TM) SE Runtime Environment Oracle GraalVM 25.0.1+8.1 (build 25.0.1+8-LTS-jvmci-b01)
ColorFill 1.4.6__DEV__ (2025-10-26)
milliSeconds_min/median/average/max=1/3/4/34  total=4313
AStarFlolleStrategy  1000 solutions with  26941 steps

