2025-09-07T15:42:00+02:00
Java(TM) SE Runtime Environment Oracle GraalVM 24.0.2+11.1 (build 24.0.2+11-jvmci-b01)
ColorFill 1.4.5 (2025-07-10)
milliSeconds_min/median/average/max=1/8/13/503  total=13244

2025-09-07T15:46:42+02:00
OpenJDK Runtime Environment (build 1.8.0_462-8u462-ga~us1-0ubuntu2~24.04.2-b08)
ColorFill 1.4.5 (2025-07-10)
milliSeconds_min/median/average/max=1/8/15/568  total=14786

2025-09-07T15:49:51+02:00
OpenJDK Runtime Environment (build 21.0.8+9-Ubuntu-0ubuntu124.04.1)
ColorFill 1.4.5 (2025-07-10)
milliSeconds_min/median/average/max=1/9/16/607  total=15802

2025-09-07T15:57:43+02:00
Java(TM) SE Runtime Environment Oracle GraalVM 24.0.2+11.1 (build 24.0.2+11-jvmci-b01)
ColorFill 1.4.5 (2025-07-10)
milliSeconds_min/median/average/max=1/8/13/493  total=13320

2025-09-07T17:18:48+02:00
Java(TM) SE Runtime Environment Oracle GraalVM 24.0.2+11.1 (build 24.0.2+11-jvmci-b01)
ColorFill 1.4.6__DEV__ (2025-09-07)
milliSeconds_min/median/average/max=1/8/13/448  total=12724

