2025-09-07T15:41:15+02:00
Java(TM) SE Runtime Environment Oracle GraalVM 24.0.2+11.1 (build 24.0.2+11-jvmci-b01)
ColorFill 1.4.5 (2025-07-10)
milliSeconds_min/median/average/max=1/2/3/47  total=3112

2025-09-07T15:45:53+02:00
OpenJDK Runtime Environment (build 1.8.0_462-8u462-ga~us1-0ubuntu2~24.04.2-b08)
ColorFill 1.4.5 (2025-07-10)
milliSeconds_min/median/average/max=1/2/3/49  total=3396

2025-09-07T15:48:55+02:00
OpenJDK Runtime Environment (build 21.0.8+9-Ubuntu-0ubuntu124.04.1)
ColorFill 1.4.5 (2025-07-10)
milliSeconds_min/median/average/max=1/3/4/63  total=3711

2025-09-07T15:56:58+02:00
Java(TM) SE Runtime Environment Oracle GraalVM 24.0.2+11.1 (build 24.0.2+11-jvmci-b01)
ColorFill 1.4.5 (2025-07-10)
milliSeconds_min/median/average/max=1/2/3/47  total=3129

2025-09-07T17:18:04+02:00
Java(TM) SE Runtime Environment Oracle GraalVM 24.0.2+11.1 (build 24.0.2+11-jvmci-b01)
ColorFill 1.4.6__DEV__ (2025-09-07)
milliSeconds_min/median/average/max=1/2/3/46  total=3046

2025-10-26T11:08:17+01:00
Java(TM) SE Runtime Environment Oracle GraalVM 24.0.2+11.1 (build 24.0.2+11-jvmci-b01)
ColorFill 1.4.6__DEV__AStarFlolleStrategy=0.0 (2025-10-26)
milliSeconds_min/median/average/max=1/3/5/71  total=4675
AStarFlolleStrategy  1000 solutions with  21952 steps

2025-10-26T11:21:25+01:00
Java(TM) SE Runtime Environment Oracle GraalVM 24.0.2+11.1 (build 24.0.2+11-jvmci-b01)
ColorFill 1.4.6__DEV__AStarFlolleStrategy=0.1 (2025-10-26)
milliSeconds_min/median/average/max=1/3/4/67  total=3862
AStarFlolleStrategy  1000 solutions with  22004 steps

2025-10-26T11:30:54+01:00
Java(TM) SE Runtime Environment Oracle GraalVM 24.0.2+11.1 (build 24.0.2+11-jvmci-b01)
ColorFill 1.4.6__DEV__AStarFlolleStrategy=0.2 (2025-10-26)
milliSeconds_min/median/average/max=1/2/3/49  total=3318
AStarFlolleStrategy  1000 solutions with  22034 steps

2025-10-26T11:35:48+01:00
Java(TM) SE Runtime Environment Oracle GraalVM 24.0.2+11.1 (build 24.0.2+11-jvmci-b01)
ColorFill 1.4.6__DEV__AStarFlolleStrategy=0.3 (2025-10-26)
milliSeconds_min/median/average/max=1/2/3/44  total=3062
AStarFlolleStrategy  1000 solutions with  22045 steps

2025-10-26T11:38:33+01:00
Java(TM) SE Runtime Environment Oracle GraalVM 24.0.2+11.1 (build 24.0.2+11-jvmci-b01)
ColorFill 1.4.6__DEV__AStarFlolleStrategy=0.4 (2025-10-26)
milliSeconds_min/median/average/max=1/2/3/43  total=3010
AStarFlolleStrategy  1000 solutions with  22053 steps

2025-10-26T11:40:55+01:00
Java(TM) SE Runtime Environment Oracle GraalVM 24.0.2+11.1 (build 24.0.2+11-jvmci-b01)
ColorFill 1.4.6__DEV__AStarFlolleStrategy=0.5 (2025-10-26)
milliSeconds_min/median/average/max=1/2/3/43  total=3068
AStarFlolleStrategy  1000 solutions with  22063 steps

2025-10-26T11:44:05+01:00
Java(TM) SE Runtime Environment Oracle GraalVM 24.0.2+11.1 (build 24.0.2+11-jvmci-b01)
ColorFill 1.4.6__DEV__AStarFlolleStrategy=0.6 (2025-10-26)
milliSeconds_min/median/average/max=1/2/3/45  total=3116
AStarFlolleStrategy  1000 solutions with  22069 steps

2025-10-26T11:46:37+01:00
Java(TM) SE Runtime Environment Oracle GraalVM 24.0.2+11.1 (build 24.0.2+11-jvmci-b01)
ColorFill 1.4.6__DEV__AStarFlolleStrategy=0.7 (2025-10-26)
milliSeconds_min/median/average/max=1/2/3/45  total=3156
AStarFlolleStrategy  1000 solutions with  22080 steps

2025-10-26T11:49:20+01:00
Java(TM) SE Runtime Environment Oracle GraalVM 24.0.2+11.1 (build 24.0.2+11-jvmci-b01)
ColorFill 1.4.6__DEV__AStarFlolleStrategy=0.8 (2025-10-26)
milliSeconds_min/median/average/max=1/2/3/44  total=3150
AStarFlolleStrategy  1000 solutions with  22082 steps

2025-10-26T11:52:06+01:00
Java(TM) SE Runtime Environment Oracle GraalVM 24.0.2+11.1 (build 24.0.2+11-jvmci-b01)
ColorFill 1.4.6__DEV__AStarFlolleStrategy=0.9 (2025-10-26)
milliSeconds_min/median/average/max=1/2/3/45  total=3178
AStarFlolleStrategy  1000 solutions with  22082 steps

2025-10-26T11:55:38+01:00
Java(TM) SE Runtime Environment Oracle GraalVM 24.0.2+11.1 (build 24.0.2+11-jvmci-b01)
ColorFill 1.4.6__DEV__AStarFlolleStrategy=1.0 (2025-10-26)
milliSeconds_min/median/average/max=1/2/3/44  total=3128
AStarFlolleStrategy  1000 solutions with  22082 steps

2025-10-26T15:16:30+01:00
Java(TM) SE Runtime Environment Oracle GraalVM 25.0.1+8.1 (build 25.0.1+8-LTS-jvmci-b01)
ColorFill 1.4.6__DEV__ (2025-10-26)
milliSeconds_min/median/average/max=1/3/3/55  total=3435
AStarFlolleStrategy  1000 solutions with  22049 steps

