2025-09-07T15:41:44+02:00
Java(TM) SE Runtime Environment Oracle GraalVM 24.0.2+11.1 (build 24.0.2+11-jvmci-b01)
ColorFill 1.4.5 (2025-07-10)
milliSeconds_min/median/average/max=1/9/15/322  total=14750

2025-09-07T15:46:25+02:00
OpenJDK Runtime Environment (build 1.8.0_462-8u462-ga~us1-0ubuntu2~24.04.2-b08)
ColorFill 1.4.5 (2025-07-10)
milliSeconds_min/median/average/max=1/9/16/395  total=16046

2025-09-07T15:49:33+02:00
OpenJDK Runtime Environment (build 21.0.8+9-Ubuntu-0ubuntu124.04.1)
ColorFill 1.4.5 (2025-07-10)
milliSeconds_min/median/average/max=1/10/17/371  total=16710

2025-09-07T15:57:27+02:00
Java(TM) SE Runtime Environment Oracle GraalVM 24.0.2+11.1 (build 24.0.2+11-jvmci-b01)
ColorFill 1.4.5 (2025-07-10)
milliSeconds_min/median/average/max=1/9/15/334  total=14760

2025-09-07T17:18:33+02:00
Java(TM) SE Runtime Environment Oracle GraalVM 24.0.2+11.1 (build 24.0.2+11-jvmci-b01)
ColorFill 1.4.6__DEV__ (2025-09-07)
milliSeconds_min/median/average/max=1/9/15/321  total=14765

