2025-09-07T15:42:14+02:00
Java(TM) SE Runtime Environment Oracle GraalVM 24.0.2+11.1 (build 24.0.2+11-jvmci-b01)
ColorFill 1.4.5 (2025-07-10)
milliSeconds_min/median/average/max=1/12/22/560  total=21662

2025-09-07T15:46:58+02:00
OpenJDK Runtime Environment (build 1.8.0_462-8u462-ga~us1-0ubuntu2~24.04.2-b08)
ColorFill 1.4.5 (2025-07-10)
milliSeconds_min/median/average/max=1/12/23/607  total=23501

2025-09-07T15:50:07+02:00
OpenJDK Runtime Environment (build 21.0.8+9-Ubuntu-0ubuntu124.04.1)
ColorFill 1.4.5 (2025-07-10)
milliSeconds_min/median/average/max=2/14/28/735  total=27629

2025-09-07T15:57:56+02:00
Java(TM) SE Runtime Environment Oracle GraalVM 24.0.2+11.1 (build 24.0.2+11-jvmci-b01)
ColorFill 1.4.5 (2025-07-10)
milliSeconds_min/median/average/max=2/12/22/558  total=21711

2025-09-07T17:19:02+02:00
Java(TM) SE Runtime Environment Oracle GraalVM 24.0.2+11.1 (build 24.0.2+11-jvmci-b01)
ColorFill 1.4.6__DEV__ (2025-09-07)
milliSeconds_min/median/average/max=1/11/20/498  total=19592

