2025-09-07T15:41:06+02:00
Java(TM) SE Runtime Environment Oracle GraalVM 24.0.2+11.1 (build 24.0.2+11-jvmci-b01)
ColorFill 1.4.5 (2025-07-10)
milliSeconds_min/median/average/max=1/2/3/32  total=2963

2025-09-07T15:45:43+02:00
OpenJDK Runtime Environment (build 1.8.0_462-8u462-ga~us1-0ubuntu2~24.04.2-b08)
ColorFill 1.4.5 (2025-07-10)
milliSeconds_min/median/average/max=1/2/3/59  total=3310

2025-09-07T15:48:46+02:00
OpenJDK Runtime Environment (build 21.0.8+9-Ubuntu-0ubuntu124.04.1)
ColorFill 1.4.5 (2025-07-10)
milliSeconds_min/median/average/max=1/2/3/39  total=3263

2025-09-07T15:56:48+02:00
Java(TM) SE Runtime Environment Oracle GraalVM 24.0.2+11.1 (build 24.0.2+11-jvmci-b01)
ColorFill 1.4.5 (2025-07-10)
milliSeconds_min/median/average/max=1/2/3/32  total=2953

2025-09-07T17:17:55+02:00
Java(TM) SE Runtime Environment Oracle GraalVM 24.0.2+11.1 (build 24.0.2+11-jvmci-b01)
ColorFill 1.4.6__DEV__ (2025-09-07)
milliSeconds_min/median/average/max=1/2/3/30  total=2876

2025-10-26T11:08:01+01:00
Java(TM) SE Runtime Environment Oracle GraalVM 24.0.2+11.1 (build 24.0.2+11-jvmci-b01)
ColorFill 1.4.6__DEV__AStarFlolleStrategy=0.0 (2025-10-26)
milliSeconds_min/median/average/max=1/4/6/87  total=5511
AStarFlolleStrategy  1000 solutions with  20086 steps

2025-10-26T11:21:12+01:00
Java(TM) SE Runtime Environment Oracle GraalVM 24.0.2+11.1 (build 24.0.2+11-jvmci-b01)
ColorFill 1.4.6__DEV__AStarFlolleStrategy=0.1 (2025-10-26)
milliSeconds_min/median/average/max=1/3/5/97  total=4643
AStarFlolleStrategy  1000 solutions with  20111 steps

2025-10-26T11:30:44+01:00
Java(TM) SE Runtime Environment Oracle GraalVM 24.0.2+11.1 (build 24.0.2+11-jvmci-b01)
ColorFill 1.4.6__DEV__AStarFlolleStrategy=0.2 (2025-10-26)
milliSeconds_min/median/average/max=1/2/3/63  total=3328
AStarFlolleStrategy  1000 solutions with  20127 steps

2025-10-26T11:35:39+01:00
Java(TM) SE Runtime Environment Oracle GraalVM 24.0.2+11.1 (build 24.0.2+11-jvmci-b01)
ColorFill 1.4.6__DEV__AStarFlolleStrategy=0.3 (2025-10-26)
milliSeconds_min/median/average/max=1/2/3/44  total=2968
AStarFlolleStrategy  1000 solutions with  20161 steps

2025-10-26T11:38:24+01:00
Java(TM) SE Runtime Environment Oracle GraalVM 24.0.2+11.1 (build 24.0.2+11-jvmci-b01)
ColorFill 1.4.6__DEV__AStarFlolleStrategy=0.4 (2025-10-26)
milliSeconds_min/median/average/max=1/2/3/31  total=2962
AStarFlolleStrategy  1000 solutions with  20179 steps

2025-10-26T11:40:45+01:00
Java(TM) SE Runtime Environment Oracle GraalVM 24.0.2+11.1 (build 24.0.2+11-jvmci-b01)
ColorFill 1.4.6__DEV__AStarFlolleStrategy=0.5 (2025-10-26)
milliSeconds_min/median/average/max=1/2/3/30  total=3071
AStarFlolleStrategy  1000 solutions with  20202 steps

2025-10-26T11:43:55+01:00
Java(TM) SE Runtime Environment Oracle GraalVM 24.0.2+11.1 (build 24.0.2+11-jvmci-b01)
ColorFill 1.4.6__DEV__AStarFlolleStrategy=0.6 (2025-10-26)
milliSeconds_min/median/average/max=1/2/3/30  total=3096
AStarFlolleStrategy  1000 solutions with  20209 steps

2025-10-26T11:46:28+01:00
Java(TM) SE Runtime Environment Oracle GraalVM 24.0.2+11.1 (build 24.0.2+11-jvmci-b01)
ColorFill 1.4.6__DEV__AStarFlolleStrategy=0.7 (2025-10-26)
milliSeconds_min/median/average/max=1/2/3/30  total=3052
AStarFlolleStrategy  1000 solutions with  20210 steps

2025-10-26T11:49:11+01:00
Java(TM) SE Runtime Environment Oracle GraalVM 24.0.2+11.1 (build 24.0.2+11-jvmci-b01)
ColorFill 1.4.6__DEV__AStarFlolleStrategy=0.8 (2025-10-26)
milliSeconds_min/median/average/max=1/2/3/30  total=3080
AStarFlolleStrategy  1000 solutions with  20210 steps

2025-10-26T11:51:56+01:00
Java(TM) SE Runtime Environment Oracle GraalVM 24.0.2+11.1 (build 24.0.2+11-jvmci-b01)
ColorFill 1.4.6__DEV__AStarFlolleStrategy=0.9 (2025-10-26)
milliSeconds_min/median/average/max=1/2/3/30  total=3065
AStarFlolleStrategy  1000 solutions with  20210 steps

2025-10-26T11:55:28+01:00
Java(TM) SE Runtime Environment Oracle GraalVM 24.0.2+11.1 (build 24.0.2+11-jvmci-b01)
ColorFill 1.4.6__DEV__AStarFlolleStrategy=1.0 (2025-10-26)
milliSeconds_min/median/average/max=1/2/3/30  total=3040
AStarFlolleStrategy  1000 solutions with  20210 steps

2025-10-26T15:16:20+01:00
Java(TM) SE Runtime Environment Oracle GraalVM 25.0.1+8.1 (build 25.0.1+8-LTS-jvmci-b01)
ColorFill 1.4.6__DEV__ (2025-10-26)
milliSeconds_min/median/average/max=1/3/4/39  total=3627
AStarFlolleStrategy  1000 solutions with  20166 steps

